Archive member included to satisfy reference by file (symbol)

d:/mrs/mounriver_studio2/resources/app/resources/win32/components/wch/toolchain/risc-v embedded gcc12/bin/../lib/gcc/riscv-wch-elf/12.2.0/rv32im/ilp32\libgcc.a(_udivdi3.o)
                              ./lib/driver/src/printf.o (__udivdi3)
d:/mrs/mounriver_studio2/resources/app/resources/win32/components/wch/toolchain/risc-v embedded gcc12/bin/../lib/gcc/riscv-wch-elf/12.2.0/rv32im/ilp32\libgcc.a(_umoddi3.o)
                              ./lib/driver/src/printf.o (__umoddi3)
d:/mrs/mounriver_studio2/resources/app/resources/win32/components/wch/toolchain/risc-v embedded gcc12/bin/../lib/gcc/riscv-wch-elf/12.2.0/rv32im/ilp32\libgcc.a(_clz.o)
                              d:/mrs/mounriver_studio2/resources/app/resources/win32/components/wch/toolchain/risc-v embedded gcc12/bin/../lib/gcc/riscv-wch-elf/12.2.0/rv32im/ilp32\libgcc.a(_udivdi3.o) (__clz_tab)

Discarded input sections

 .text          0x0000000000000000        0x0 ./lib/startup/init.o
 .data          0x0000000000000000        0x0 ./lib/startup/init.o
 .bss           0x0000000000000000        0x0 ./lib/startup/init.o
 .data          0x0000000000000000        0x0 ./lib/startup/startup.o
 .bss           0x0000000000000000        0x0 ./lib/startup/startup.o
 .text          0x0000000000000000        0x0 ./lib/perip/src/core.o
 .data          0x0000000000000000        0x0 ./lib/perip/src/core.o
 .bss           0x0000000000000000        0x0 ./lib/perip/src/core.o
 .text.mtime_value_get
                0x0000000000000000       0x14 ./lib/perip/src/core.o
 .text.mtime_value_set
                0x0000000000000000        0xc ./lib/perip/src/core.o
 .text.mtime_en_ctr
                0x0000000000000000       0x18 ./lib/perip/src/core.o
 .text.mtimecmp_value_set
                0x0000000000000000        0xc ./lib/perip/src/core.o
 .text.minstret_value_get
                0x0000000000000000       0x14 ./lib/perip/src/core.o
 .text.minstret_value_set
                0x0000000000000000        0xc ./lib/perip/src/core.o
 .text.minstret_en_ctr
                0x0000000000000000       0x18 ./lib/perip/src/core.o
 .text.delay_mtime_us
                0x0000000000000000       0x64 ./lib/perip/src/core.o
 .text.core_reset_enable
                0x0000000000000000        0x8 ./lib/perip/src/core.o
 .text.core_sim_end
                0x0000000000000000        0x8 ./lib/perip/src/core.o
 .text.core_soft_interrupt
                0x0000000000000000        0x8 ./lib/perip/src/core.o
 .text          0x0000000000000000        0x0 ./lib/perip/src/fpioa.o
 .data          0x0000000000000000        0x0 ./lib/perip/src/fpioa.o
 .bss           0x0000000000000000        0x0 ./lib/perip/src/fpioa.o
 .text.fpioa_perips_in_set
                0x0000000000000000       0x14 ./lib/perip/src/fpioa.o
 .text.fpioa_out_read
                0x0000000000000000       0x14 ./lib/perip/src/fpioa.o
 .text.fpioa_in_read
                0x0000000000000000       0x14 ./lib/perip/src/fpioa.o
 .text.fpioa_nio_din_read
                0x0000000000000000        0xc ./lib/perip/src/fpioa.o
 .text.fpioa_nio_dout_write
                0x0000000000000000        0xc ./lib/perip/src/fpioa.o
 .text.fpioa_nio_dout_read
                0x0000000000000000        0xc ./lib/perip/src/fpioa.o
 .text.fpioa_nio_mode_write
                0x0000000000000000       0x80 ./lib/perip/src/fpioa.o
 .text.fpioa_nio_mode_read
                0x0000000000000000       0x10 ./lib/perip/src/fpioa.o
 .text.fpioa_eli_mode_set
                0x0000000000000000       0x38 ./lib/perip/src/fpioa.o
 .text          0x0000000000000000        0x0 ./lib/perip/src/plic.o
 .data          0x0000000000000000        0x0 ./lib/perip/src/plic.o
 .bss           0x0000000000000000        0x0 ./lib/perip/src/plic.o
 .text.plic_source_priority_set
                0x0000000000000000       0x14 ./lib/perip/src/plic.o
 .text.plic_source_priority_read
                0x0000000000000000       0x14 ./lib/perip/src/plic.o
 .text.plic_source_ip_read
                0x0000000000000000       0x14 ./lib/perip/src/plic.o
 .text.plic_ie_set
                0x0000000000000000       0x38 ./lib/perip/src/plic.o
 .text.plic_ie_read
                0x0000000000000000       0x14 ./lib/perip/src/plic.o
 .text.plic_ith_set
                0x0000000000000000        0xc ./lib/perip/src/plic.o
 .text.plic_eip_id_read
                0x0000000000000000        0xc ./lib/perip/src/plic.o
 .debug_info    0x0000000000000000      0x1cd ./lib/perip/src/plic.o
 .debug_abbrev  0x0000000000000000      0x112 ./lib/perip/src/plic.o
 .debug_loclists
                0x0000000000000000      0x109 ./lib/perip/src/plic.o
 .debug_aranges
                0x0000000000000000       0x50 ./lib/perip/src/plic.o
 .debug_rnglists
                0x0000000000000000       0x4c ./lib/perip/src/plic.o
 .debug_line    0x0000000000000000      0x24e ./lib/perip/src/plic.o
 .debug_str     0x0000000000000000      0x1e7 ./lib/perip/src/plic.o
 .debug_line_str
                0x0000000000000000      0x19c ./lib/perip/src/plic.o
 .comment       0x0000000000000000       0x32 ./lib/perip/src/plic.o
 .debug_frame   0x0000000000000000       0x80 ./lib/perip/src/plic.o
 .riscv.attributes
                0x0000000000000000       0x2a ./lib/perip/src/plic.o
 .text          0x0000000000000000        0x0 ./lib/perip/src/sdrd.o
 .data          0x0000000000000000        0x0 ./lib/perip/src/sdrd.o
 .bss           0x0000000000000000        0x0 ./lib/perip/src/sdrd.o
 .text.sdrd_init_state_read
                0x0000000000000000        0xc ./lib/perip/src/sdrd.o
 .text.sdrd_busy_chk
                0x0000000000000000        0xc ./lib/perip/src/sdrd.o
 .text.sdrd_buffer_read
                0x0000000000000000       0x14 ./lib/perip/src/sdrd.o
 .text.sdrd_sector_set
                0x0000000000000000        0xc ./lib/perip/src/sdrd.o
 .debug_info    0x0000000000000000      0x115 ./lib/perip/src/sdrd.o
 .debug_abbrev  0x0000000000000000       0xae ./lib/perip/src/sdrd.o
 .debug_loclists
                0x0000000000000000       0x26 ./lib/perip/src/sdrd.o
 .debug_aranges
                0x0000000000000000       0x38 ./lib/perip/src/sdrd.o
 .debug_rnglists
                0x0000000000000000       0x31 ./lib/perip/src/sdrd.o
 .debug_line    0x0000000000000000       0xf8 ./lib/perip/src/sdrd.o
 .debug_str     0x0000000000000000      0x1ba ./lib/perip/src/sdrd.o
 .debug_line_str
                0x0000000000000000      0x19c ./lib/perip/src/sdrd.o
 .comment       0x0000000000000000       0x32 ./lib/perip/src/sdrd.o
 .debug_frame   0x0000000000000000       0x50 ./lib/perip/src/sdrd.o
 .riscv.attributes
                0x0000000000000000       0x2a ./lib/perip/src/sdrd.o
 .text          0x0000000000000000        0x0 ./lib/perip/src/spi.o
 .data          0x0000000000000000        0x0 ./lib/perip/src/spi.o
 .bss           0x0000000000000000        0x0 ./lib/perip/src/spi.o
 .text.spi_cp_model
                0x0000000000000000       0x14 ./lib/perip/src/spi.o
 .text.spi_sclk_div
                0x0000000000000000        0xc ./lib/perip/src/spi.o
 .text.spi_set_cs
                0x0000000000000000       0x28 ./lib/perip/src/spi.o
 .text.spi_send_byte
                0x0000000000000000       0x24 ./lib/perip/src/spi.o
 .text.spi_sdrv_byte
                0x0000000000000000       0x40 ./lib/perip/src/spi.o
 .text.spi_busy_chk
                0x0000000000000000        0xc ./lib/perip/src/spi.o
 .text.spi_irq_ctrl
                0x0000000000000000       0x1c ./lib/perip/src/spi.o
 .text.spi_send_bytes
                0x0000000000000000       0x3c ./lib/perip/src/spi.o
 .text.spi_read_bytes
                0x0000000000000000       0x54 ./lib/perip/src/spi.o
 .debug_info    0x0000000000000000      0x3b3 ./lib/perip/src/spi.o
 .debug_abbrev  0x0000000000000000      0x159 ./lib/perip/src/spi.o
 .debug_loclists
                0x0000000000000000      0x1ab ./lib/perip/src/spi.o
 .debug_aranges
                0x0000000000000000       0x60 ./lib/perip/src/spi.o
 .debug_rnglists
                0x0000000000000000       0xd9 ./lib/perip/src/spi.o
 .debug_line    0x0000000000000000      0x512 ./lib/perip/src/spi.o
 .debug_str     0x0000000000000000      0x20c ./lib/perip/src/spi.o
 .debug_line_str
                0x0000000000000000      0x199 ./lib/perip/src/spi.o
 .comment       0x0000000000000000       0x32 ./lib/perip/src/spi.o
 .debug_frame   0x0000000000000000       0xa0 ./lib/perip/src/spi.o
 .riscv.attributes
                0x0000000000000000       0x2a ./lib/perip/src/spi.o
 .text          0x0000000000000000        0x0 ./lib/perip/src/timer.o
 .data          0x0000000000000000        0x0 ./lib/perip/src/timer.o
 .bss           0x0000000000000000        0x0 ./lib/perip/src/timer.o
 .text.timer_en_ctrl
                0x0000000000000000       0x28 ./lib/perip/src/timer.o
 .text.timer_cmpol_ctrl
                0x0000000000000000       0x28 ./lib/perip/src/timer.o
 .text.timer_div_set
                0x0000000000000000       0x20 ./lib/perip/src/timer.o
 .text.timer_overflow_set
                0x0000000000000000       0x10 ./lib/perip/src/timer.o
 .text.timer_cmpval_set
                0x0000000000000000       0x14 ./lib/perip/src/timer.o
 .text.timer_cnt_val_read
                0x0000000000000000       0x14 ./lib/perip/src/timer.o
 .text.timer_capi_trig_set
                0x0000000000000000       0x3c ./lib/perip/src/timer.o
 .text.timer_capi_trig_read
                0x0000000000000000       0x24 ./lib/perip/src/timer.o
 .text.timer_cap_val_read
                0x0000000000000000        0xc ./lib/perip/src/timer.o
 .text.timer_of_irq_ctrl
                0x0000000000000000       0x24 ./lib/perip/src/timer.o
 .debug_info    0x0000000000000000      0x25f ./lib/perip/src/timer.o
 .debug_abbrev  0x0000000000000000      0x119 ./lib/perip/src/timer.o
 .debug_loclists
                0x0000000000000000      0x1b1 ./lib/perip/src/timer.o
 .debug_aranges
                0x0000000000000000       0x68 ./lib/perip/src/timer.o
 .debug_rnglists
                0x0000000000000000       0x67 ./lib/perip/src/timer.o
 .debug_line    0x0000000000000000      0x45d ./lib/perip/src/timer.o
 .debug_str     0x0000000000000000      0x261 ./lib/perip/src/timer.o
 .debug_line_str
                0x0000000000000000      0x19f ./lib/perip/src/timer.o
 .comment       0x0000000000000000       0x32 ./lib/perip/src/timer.o
 .debug_frame   0x0000000000000000       0xb0 ./lib/perip/src/timer.o
 .riscv.attributes
                0x0000000000000000       0x2a ./lib/perip/src/timer.o
 .text          0x0000000000000000        0x0 ./lib/perip/src/trap.o
 .data          0x0000000000000000        0x0 ./lib/perip/src/trap.o
 .bss           0x0000000000000000        0x0 ./lib/perip/src/trap.o
 .text.trap_global_ctrl
                0x0000000000000000       0x20 ./lib/perip/src/trap.o
 .text.trap_en_ctrl
                0x0000000000000000       0x24 ./lib/perip/src/trap.o
 .text.trap_mip_state
                0x0000000000000000       0x10 ./lib/perip/src/trap.o
 .debug_info    0x0000000000000000      0x159 ./lib/perip/src/trap.o
 .debug_abbrev  0x0000000000000000       0xd1 ./lib/perip/src/trap.o
 .debug_loclists
                0x0000000000000000       0xe4 ./lib/perip/src/trap.o
 .debug_aranges
                0x0000000000000000       0x30 ./lib/perip/src/trap.o
 .debug_rnglists
                0x0000000000000000       0x28 ./lib/perip/src/trap.o
 .debug_line    0x0000000000000000      0x19c ./lib/perip/src/trap.o
 .debug_str     0x0000000000000000      0x19e ./lib/perip/src/trap.o
 .debug_line_str
                0x0000000000000000      0x19c ./lib/perip/src/trap.o
 .comment       0x0000000000000000       0x32 ./lib/perip/src/trap.o
 .debug_frame   0x0000000000000000       0x40 ./lib/perip/src/trap.o
 .riscv.attributes
                0x0000000000000000       0x2a ./lib/perip/src/trap.o
 .text          0x0000000000000000        0x0 ./lib/perip/src/uart.o
 .data          0x0000000000000000        0x0 ./lib/perip/src/uart.o
 .bss           0x0000000000000000        0x0 ./lib/perip/src/uart.o
 .text.uart_send_date
                0x0000000000000000       0x18 ./lib/perip/src/uart.o
 .text.uart_send_string
                0x0000000000000000       0x30 ./lib/perip/src/uart.o
 .text.uart_recv_date
                0x0000000000000000       0x18 ./lib/perip/src/uart.o
 .text.uart_recv_flg
                0x0000000000000000       0x10 ./lib/perip/src/uart.o
 .text.uart_irq_ctrl
                0x0000000000000000       0x24 ./lib/perip/src/uart.o
 .text          0x0000000000000000        0x0 ./lib/driver/src/nor25_flash.o
 .data          0x0000000000000000        0x0 ./lib/driver/src/nor25_flash.o
 .bss           0x0000000000000000        0x0 ./lib/driver/src/nor25_flash.o
 .text.n25q_write_enable
                0x0000000000000000       0x7c ./lib/driver/src/nor25_flash.o
 .text.n25q_read_status_reg
                0x0000000000000000       0x80 ./lib/driver/src/nor25_flash.o
 .text.n25q_is_busy
                0x0000000000000000       0x80 ./lib/driver/src/nor25_flash.o
 .text.n25q_init
                0x0000000000000000       0x3c ./lib/driver/src/nor25_flash.o
 .text.n25q_read_id
                0x0000000000000000       0x78 ./lib/driver/src/nor25_flash.o
 .text.n25q_read_data
                0x0000000000000000       0xbc ./lib/driver/src/nor25_flash.o
 .text.n25q_subsector_erase
                0x0000000000000000      0x180 ./lib/driver/src/nor25_flash.o
 .text.n25q_sector_erase
                0x0000000000000000      0x174 ./lib/driver/src/nor25_flash.o
 .text.n25q_page_program
                0x0000000000000000      0x1a4 ./lib/driver/src/nor25_flash.o
 .sbss.n25q_spi_sel
                0x0000000000000000        0x4 ./lib/driver/src/nor25_flash.o
 .debug_info    0x0000000000000000      0xab6 ./lib/driver/src/nor25_flash.o
 .debug_abbrev  0x0000000000000000      0x1e5 ./lib/driver/src/nor25_flash.o
 .debug_loclists
                0x0000000000000000      0x296 ./lib/driver/src/nor25_flash.o
 .debug_aranges
                0x0000000000000000       0x60 ./lib/driver/src/nor25_flash.o
 .debug_rnglists
                0x0000000000000000      0x1fa ./lib/driver/src/nor25_flash.o
 .debug_line    0x0000000000000000      0x90e ./lib/driver/src/nor25_flash.o
 .debug_str     0x0000000000000000      0x29c ./lib/driver/src/nor25_flash.o
 .debug_line_str
                0x0000000000000000      0x1ea ./lib/driver/src/nor25_flash.o
 .comment       0x0000000000000000       0x32 ./lib/driver/src/nor25_flash.o
 .debug_frame   0x0000000000000000      0x184 ./lib/driver/src/nor25_flash.o
 .riscv.attributes
                0x0000000000000000       0x2a ./lib/driver/src/nor25_flash.o
 .text          0x0000000000000000        0x0 ./lib/driver/src/printf.o
 .data          0x0000000000000000        0x0 ./lib/driver/src/printf.o
 .bss           0x0000000000000000        0x0 ./lib/driver/src/printf.o
 .text._out_buffer
                0x0000000000000000       0x10 ./lib/driver/src/printf.o
 .text._out_fct
                0x0000000000000000       0x14 ./lib/driver/src/printf.o
 .text._putchar
                0x0000000000000000       0x1c ./lib/driver/src/printf.o
 .text.sprintf_
                0x0000000000000000       0x54 ./lib/driver/src/printf.o
 .text.snprintf_
                0x0000000000000000       0x50 ./lib/driver/src/printf.o
 .text.vprintf_
                0x0000000000000000       0x34 ./lib/driver/src/printf.o
 .text.vsnprintf_
                0x0000000000000000       0x20 ./lib/driver/src/printf.o
 .text.fctprintf
                0x0000000000000000       0x60 ./lib/driver/src/printf.o
 .text          0x0000000000000000        0x0 ./app/main.o
 .data          0x0000000000000000        0x0 ./app/main.o
 .bss           0x0000000000000000        0x0 ./app/main.o
 .text.delay    0x0000000000000000       0x2c ./app/main.o
 .text.uart_byte
                0x0000000000000000       0x4c ./app/main.o
 .text.uart16   0x0000000000000000       0x90 ./app/main.o
 .rodata.send_raw_blob.str1.4
                0x0000000000000000       0x2a ./app/main.o
 .text.send_raw_blob
                0x0000000000000000      0x41c ./app/main.o
 .bss.lb_buf    0x0000000000000000      0xf00 ./app/main.o
 .text          0x0000000000000000        0x0 ./app/trap_handler.o
 .data          0x0000000000000000        0x0 ./app/trap_handler.o
 .bss           0x0000000000000000        0x0 ./app/trap_handler.o
 .text          0x0000000000000000        0x0 d:/mrs/mounriver_studio2/resources/app/resources/win32/components/wch/toolchain/risc-v embedded gcc12/bin/../lib/gcc/riscv-wch-elf/12.2.0/rv32im/ilp32\libgcc.a(_udivdi3.o)
 .data          0x0000000000000000        0x0 d:/mrs/mounriver_studio2/resources/app/resources/win32/components/wch/toolchain/risc-v embedded gcc12/bin/../lib/gcc/riscv-wch-elf/12.2.0/rv32im/ilp32\libgcc.a(_udivdi3.o)
 .bss           0x0000000000000000        0x0 d:/mrs/mounriver_studio2/resources/app/resources/win32/components/wch/toolchain/risc-v embedded gcc12/bin/../lib/gcc/riscv-wch-elf/12.2.0/rv32im/ilp32\libgcc.a(_udivdi3.o)
 .eh_frame      0x0000000000000000       0x28 d:/mrs/mounriver_studio2/resources/app/resources/win32/components/wch/toolchain/risc-v embedded gcc12/bin/../lib/gcc/riscv-wch-elf/12.2.0/rv32im/ilp32\libgcc.a(_udivdi3.o)
 .text          0x0000000000000000        0x0 d:/mrs/mounriver_studio2/resources/app/resources/win32/components/wch/toolchain/risc-v embedded gcc12/bin/../lib/gcc/riscv-wch-elf/12.2.0/rv32im/ilp32\libgcc.a(_umoddi3.o)
 .data          0x0000000000000000        0x0 d:/mrs/mounriver_studio2/resources/app/resources/win32/components/wch/toolchain/risc-v embedded gcc12/bin/../lib/gcc/riscv-wch-elf/12.2.0/rv32im/ilp32\libgcc.a(_umoddi3.o)
 .bss           0x0000000000000000        0x0 d:/mrs/mounriver_studio2/resources/app/resources/win32/components/wch/toolchain/risc-v embedded gcc12/bin/../lib/gcc/riscv-wch-elf/12.2.0/rv32im/ilp32\libgcc.a(_umoddi3.o)
 .eh_frame      0x0000000000000000       0x28 d:/mrs/mounriver_studio2/resources/app/resources/win32/components/wch/toolchain/risc-v embedded gcc12/bin/../lib/gcc/riscv-wch-elf/12.2.0/rv32im/ilp32\libgcc.a(_umoddi3.o)
 .text          0x0000000000000000        0x0 d:/mrs/mounriver_studio2/resources/app/resources/win32/components/wch/toolchain/risc-v embedded gcc12/bin/../lib/gcc/riscv-wch-elf/12.2.0/rv32im/ilp32\libgcc.a(_clz.o)
 .data          0x0000000000000000        0x0 d:/mrs/mounriver_studio2/resources/app/resources/win32/components/wch/toolchain/risc-v embedded gcc12/bin/../lib/gcc/riscv-wch-elf/12.2.0/rv32im/ilp32\libgcc.a(_clz.o)
 .bss           0x0000000000000000        0x0 d:/mrs/mounriver_studio2/resources/app/resources/win32/components/wch/toolchain/risc-v embedded gcc12/bin/../lib/gcc/riscv-wch-elf/12.2.0/rv32im/ilp32\libgcc.a(_clz.o)

Memory Configuration

Name             Origin             Length             Attributes
iram             0x0000000000000000 0x0000000000040000 xr
sram             0x0000000020000000 0x0000000000040000 rw
*default*        0x0000000000000000 0xffffffffffffffff

Linker script and memory map

LOAD ./lib/startup/init.o
LOAD ./lib/startup/startup.o
LOAD ./lib/perip/src/core.o
LOAD ./lib/perip/src/fpioa.o
LOAD ./lib/perip/src/plic.o
LOAD ./lib/perip/src/sdrd.o
LOAD ./lib/perip/src/spi.o
LOAD ./lib/perip/src/timer.o
LOAD ./lib/perip/src/trap.o
LOAD ./lib/perip/src/uart.o
LOAD ./lib/driver/src/nor25_flash.o
LOAD ./lib/driver/src/printf.o
LOAD ./app/main.o
LOAD ./app/trap_handler.o
LOAD d:/mrs/mounriver_studio2/resources/app/resources/win32/components/wch/toolchain/risc-v embedded gcc12/bin/../lib/gcc/riscv-wch-elf/12.2.0/../../../../riscv-wch-elf/lib\libm_nano.a
LOAD d:/mrs/mounriver_studio2/resources/app/resources/win32/components/wch/toolchain/risc-v embedded gcc12/bin/../lib/gcc/riscv-wch-elf/12.2.0/rv32im/ilp32\libgcc.a
LOAD d:/mrs/mounriver_studio2/resources/app/resources/win32/components/wch/toolchain/risc-v embedded gcc12/bin/../lib/gcc/riscv-wch-elf/12.2.0/../../../../riscv-wch-elf/lib\libg_nano.a
LOAD d:/mrs/mounriver_studio2/resources/app/resources/win32/components/wch/toolchain/risc-v embedded gcc12/bin/../lib/gcc/riscv-wch-elf/12.2.0/../../../../riscv-wch-elf/lib\libc_nano.a
LOAD d:/mrs/mounriver_studio2/resources/app/resources/win32/components/wch/toolchain/risc-v embedded gcc12/bin/../lib/gcc/riscv-wch-elf/12.2.0/rv32im/ilp32\libgcc.a
START GROUP
LOAD d:/mrs/mounriver_studio2/resources/app/resources/win32/components/wch/toolchain/risc-v embedded gcc12/bin/../lib/gcc/riscv-wch-elf/12.2.0/rv32im/ilp32\libgcc.a
LOAD d:/mrs/mounriver_studio2/resources/app/resources/win32/components/wch/toolchain/risc-v embedded gcc12/bin/../lib/gcc/riscv-wch-elf/12.2.0/../../../../riscv-wch-elf/lib\libc_nano.a
LOAD d:/mrs/mounriver_studio2/resources/app/resources/win32/components/wch/toolchain/risc-v embedded gcc12/bin/../lib/gcc/riscv-wch-elf/12.2.0/../../../../riscv-wch-elf/lib\libnosys.a
END GROUP
START GROUP
LOAD d:/mrs/mounriver_studio2/resources/app/resources/win32/components/wch/toolchain/risc-v embedded gcc12/bin/../lib/gcc/riscv-wch-elf/12.2.0/rv32im/ilp32\libgcc.a
LOAD d:/mrs/mounriver_studio2/resources/app/resources/win32/components/wch/toolchain/risc-v embedded gcc12/bin/../lib/gcc/riscv-wch-elf/12.2.0/../../../../riscv-wch-elf/lib\libc_nano.a
LOAD d:/mrs/mounriver_studio2/resources/app/resources/win32/components/wch/toolchain/risc-v embedded gcc12/bin/../lib/gcc/riscv-wch-elf/12.2.0/../../../../riscv-wch-elf/lib\libnosys.a
END GROUP
                0x0000000000000000                _use_sd_iap = 0x0
                0x0000000000040000                _cpu_iram_size = 0x40000
                0x0000000000040000                _cpu_sram_size = 0x40000
                0x0000000000004000                _cpu_stack_size = 0x4000
                0x0000000000000000                _iap_prog_size = _use_sd_iap?0x400:0x0
                0x0000000000000000                _app_base_addr = _iap_prog_size
                0x0000000020000000                _sram_base_addr = 0x20000000
                0x0000000000040000                _app_prog_size = (_cpu_iram_size - _iap_prog_size)
                0x0000000000004000                __stack_size = DEFINED (__stack_size)?__stack_size:_cpu_stack_size

.init           0x0000000000000000       0xb0
 *(SORT_NONE(.init))
 .init          0x0000000000000000       0xb0 ./lib/startup/startup.o
                0x0000000000000000                _start
                0x0000000000000070                trap_vector_tab

.text           0x00000000000000b0     0x2b1c
 *(.text.unlikely .text.unlikely.*)
 *(.text.startup .text.startup.*)
 .text.startup.main
                0x00000000000000b0      0x140 ./app/main.o
                0x00000000000000b0                main
 *(.text .text.*)
 .text.sparrowrv_system_init
                0x00000000000001f0       0x68 ./lib/startup/init.o
                0x00000000000001f0                sparrowrv_system_init
 .text          0x0000000000000258       0x38 ./lib/startup/startup.o
                0x000000000000025c                SW_Handler
                0x0000000000000264                PLIC0_Handler
 .text.csr_msprint_string
                0x0000000000000290       0x18 ./lib/perip/src/core.o
                0x0000000000000290                csr_msprint_string
 .text.fpioa_perips_out_set
                0x00000000000002a8       0x14 ./lib/perip/src/fpioa.o
                0x00000000000002a8                fpioa_perips_out_set
 .text.uart_enable_ctrl
                0x00000000000002bc       0x24 ./lib/perip/src/uart.o
                0x00000000000002bc                uart_enable_ctrl
 .text.uart_band_ctrl
                0x00000000000002e0       0x10 ./lib/perip/src/uart.o
                0x00000000000002e0                uart_band_ctrl
 .text._out_null
                0x00000000000002f0        0x4 ./lib/driver/src/printf.o
 .text._ntoa_format
                0x00000000000002f4      0x4d8 ./lib/driver/src/printf.o
 .text._out_char
                0x00000000000007cc       0x20 ./lib/driver/src/printf.o
 .text._vsnprintf
                0x00000000000007ec      0xd8c ./lib/driver/src/printf.o
 .text.init_uart0_printf
                0x0000000000001578       0x3c ./lib/driver/src/printf.o
                0x0000000000001578                init_uart0_printf
 .text.printf_  0x00000000000015b4       0x50 ./lib/driver/src/printf.o
                0x00000000000015b4                printf_
 .text.find_plate
                0x0000000000001604      0x6a0 ./app/main.o
                0x0000000000001604                find_plate
 .text.SysTick_Handler
                0x0000000000001ca4        0x4 ./app/trap_handler.o
                0x0000000000001ca4                SysTick_Handler
 .text.HardFault_Handler
                0x0000000000001ca8        0x4 ./app/trap_handler.o
                0x0000000000001ca8                HardFault_Handler
 .text.PLIC1_FPIOA_ELI0_Handler
                0x0000000000001cac       0x98 ./app/trap_handler.o
                0x0000000000001cac                PLIC1_FPIOA_ELI0_Handler
 .text.PLIC2_FPIOA_ELI1_Handler
                0x0000000000001d44       0x98 ./app/trap_handler.o
                0x0000000000001d44                PLIC2_FPIOA_ELI1_Handler
 .text.PLIC3_FPIOA_ELI2_Handler
                0x0000000000001ddc       0x98 ./app/trap_handler.o
                0x0000000000001ddc                PLIC3_FPIOA_ELI2_Handler
 .text.PLIC4_FPIOA_ELI3_Handler
                0x0000000000001e74       0x98 ./app/trap_handler.o
                0x0000000000001e74                PLIC4_FPIOA_ELI3_Handler
 .text.PLIC5_UART0_TX_Handler
                0x0000000000001f0c       0x98 ./app/trap_handler.o
                0x0000000000001f0c                PLIC5_UART0_TX_Handler
 .text.PLIC6_UART0_RX_Handler
                0x0000000000001fa4       0x98 ./app/trap_handler.o
                0x0000000000001fa4                PLIC6_UART0_RX_Handler
 .text.PLIC7_UART1_TX_Handler
                0x000000000000203c       0x98 ./app/trap_handler.o
                0x000000000000203c                PLIC7_UART1_TX_Handler
 .text.PLIC8_UART1_RX_Handler
                0x00000000000020d4       0x98 ./app/trap_handler.o
                0x00000000000020d4                PLIC8_UART1_RX_Handler
 .text.PLIC9_TIMER0_OF_Handler
                0x000000000000216c       0x98 ./app/trap_handler.o
                0x000000000000216c                PLIC9_TIMER0_OF_Handler
 .text.PLIC10_SPI0_END_Handler
                0x0000000000002204       0x98 ./app/trap_handler.o
                0x0000000000002204                PLIC10_SPI0_END_Handler
 .text.__udivdi3
                0x000000000000229c      0x4b8 d:/mrs/mounriver_studio2/resources/app/resources/win32/components/wch/toolchain/risc-v embedded gcc12/bin/../lib/gcc/riscv-wch-elf/12.2.0/rv32im/ilp32\libgcc.a(_udivdi3.o)
                0x000000000000229c                __udivdi3
 .text.__umoddi3
                0x0000000000002754      0x478 d:/mrs/mounriver_studio2/resources/app/resources/win32/components/wch/toolchain/risc-v embedded gcc12/bin/../lib/gcc/riscv-wch-elf/12.2.0/rv32im/ilp32\libgcc.a(_umoddi3.o)
                0x0000000000002754                __umoddi3
 *(.gnu.linkonce.t.*)
                0x0000000000002bcc                . = ALIGN (0x4)
                [!provide]                        PROVIDE (__etext = .)
                [!provide]                        PROVIDE (_etext = .)
                [!provide]                        PROVIDE (etext = .)

.preinit_array  0x0000000000002bcc        0x0
                [!provide]                        PROVIDE (__preinit_array_start = .)
 *(.preinit_array)
                [!provide]                        PROVIDE (__preinit_array_end = .)

.init_array     0x0000000000002bcc        0x0
                [!provide]                        PROVIDE (__init_array_start = .)
 *(SORT_BY_INIT_PRIORITY(.init_array.*) SORT_BY_INIT_PRIORITY(.ctors.*))
 *(.init_array EXCLUDE_FILE(*crtend?.o *crtend.o *crtbegin?.o *crtbegin.o) .ctors)
                [!provide]                        PROVIDE (__init_array_end = .)

.fini_array     0x0000000000002bcc        0x0
                [!provide]                        PROVIDE (__fini_array_start = .)
 *(SORT_BY_INIT_PRIORITY(.fini_array.*) SORT_BY_INIT_PRIORITY(.dtors.*))
 *(.fini_array EXCLUDE_FILE(*crtend?.o *crtend.o *crtbegin?.o *crtbegin.o) .dtors)
                [!provide]                        PROVIDE (__fini_array_end = .)

.ctors
 *crtbegin.o(.ctors)
 *crtbegin?.o(.ctors)
 *(EXCLUDE_FILE(*crtend?.o *crtend.o) .ctors)
 *(SORT_BY_NAME(.ctors.*))
 *(.ctors)

.dtors
 *crtbegin.o(.dtors)
 *crtbegin?.o(.dtors)
 *(EXCLUDE_FILE(*crtend?.o *crtend.o) .dtors)
 *(SORT_BY_NAME(.dtors.*))
 *(.dtors)

.lalign         0x0000000000002bcc        0x0
                0x0000000000002bcc                . = ALIGN (0x4)
                0x0000000000002bcc                PROVIDE (_data_lma = .)

.dalign         0x0000000020000000        0x0 load address 0x0000000000002bcc
                0x0000000020000000                . = ALIGN (0x4)
                0x0000000020000000                PROVIDE (_data = .)

.data           0x0000000020000000      0x310 load address 0x0000000000002bcc
 *(.rdata)
 *(.rodata .rodata.*)
 .rodata._vsnprintf
                0x0000000020000000       0x44 ./lib/driver/src/printf.o
 .rodata.find_plate.str1.4
                0x0000000020000044      0x117 ./app/main.o
 *fill*         0x000000002000015b        0x1 
 .rodata.main.str1.4
                0x000000002000015c       0x12 ./app/main.o
 *fill*         0x000000002000016e        0x2 
 .rodata.PLIC1_FPIOA_ELI0_Handler.str1.4
                0x0000000020000170        0xd ./app/trap_handler.o
 *fill*         0x000000002000017d        0x3 
 .rodata.PLIC2_FPIOA_ELI1_Handler.str1.4
                0x0000000020000180        0xd ./app/trap_handler.o
 *fill*         0x000000002000018d        0x3 
 .rodata.PLIC3_FPIOA_ELI2_Handler.str1.4
                0x0000000020000190        0xd ./app/trap_handler.o
 *fill*         0x000000002000019d        0x3 
 .rodata.PLIC4_FPIOA_ELI3_Handler.str1.4
                0x00000000200001a0        0xd ./app/trap_handler.o
 *fill*         0x00000000200001ad        0x3 
 .rodata.PLIC5_UART0_TX_Handler.str1.4
                0x00000000200001b0        0xd ./app/trap_handler.o
 *fill*         0x00000000200001bd        0x3 
 .rodata.PLIC6_UART0_RX_Handler.str1.4
                0x00000000200001c0        0xd ./app/trap_handler.o
 *fill*         0x00000000200001cd        0x3 
 .rodata.PLIC7_UART1_TX_Handler.str1.4
                0x00000000200001d0        0xd ./app/trap_handler.o
 *fill*         0x00000000200001dd        0x3 
 .rodata.PLIC8_UART1_RX_Handler.str1.4
                0x00000000200001e0        0xd ./app/trap_handler.o
 *fill*         0x00000000200001ed        0x3 
 .rodata.PLIC9_TIMER0_OF_Handler.str1.4
                0x00000000200001f0        0xd ./app/trap_handler.o
 *fill*         0x00000000200001fd        0x3 
 .rodata.PLIC10_SPI0_END_Handler.str1.4
                0x0000000020000200        0xe ./app/trap_handler.o
 *fill*         0x000000002000020e        0x2 
 .rodata.__clz_tab
                0x0000000020000210      0x100 d:/mrs/mounriver_studio2/resources/app/resources/win32/components/wch/toolchain/risc-v embedded gcc12/bin/../lib/gcc/riscv-wch-elf/12.2.0/rv32im/ilp32\libgcc.a(_clz.o)
                0x0000000020000210                __clz_tab
 *(.gnu.linkonce.r.*)
 *(.data .data.*)
 *(.gnu.linkonce.d.*)
                0x0000000020000310                . = ALIGN (0x8)
                0x0000000020000b10                PROVIDE (__global_pointer$ = (. + 0x800))
 *(.sdata .sdata.*)
 *(.gnu.linkonce.s.*)
                0x0000000020000310                . = ALIGN (0x8)
 *(.srodata.cst16)
 *(.srodata.cst8)
 *(.srodata.cst4)
 *(.srodata.cst2)
 *(.srodata .srodata.*)

.rela.dyn       0x0000000020000310        0x0 load address 0x0000000000002edc
 .rela.init     0x0000000020000310        0x0 ./lib/startup/init.o
                0x0000000020000310                . = ALIGN (0x4)
                0x0000000020000310                PROVIDE (_edata = .)
                [!provide]                        PROVIDE (edata = .)
                [!provide]                        PROVIDE (_fbss = .)
                0x0000000020000310                PROVIDE (__bss_start = .)

.bss            0x0000000020000310       0x28
 *(.sbss*)
 .sbss.system_vendorid
                0x0000000020000310        0x4 ./lib/startup/init.o
                0x0000000020000310                system_vendorid
 .sbss.system_sram_size
                0x0000000020000314        0x4 ./lib/startup/init.o
                0x0000000020000314                system_sram_size
 .sbss.system_iram_size
                0x0000000020000318        0x4 ./lib/startup/init.o
                0x0000000020000318                system_iram_size
 .sbss.system_cpu_freqM
                0x000000002000031c        0x4 ./lib/startup/init.o
                0x000000002000031c                system_cpu_freqM
 .sbss.system_cpu_freq
                0x0000000020000320        0x4 ./lib/startup/init.o
                0x0000000020000320                system_cpu_freq
 .sbss.g_box_area
                0x0000000020000324        0x4 ./app/main.o
 .sbss.g_box_y1
                0x0000000020000328        0x4 ./app/main.o
 .sbss.g_box_x1
                0x000000002000032c        0x4 ./app/main.o
 .sbss.g_box_y0
                0x0000000020000330        0x4 ./app/main.o
 .sbss.g_box_x0
                0x0000000020000334        0x4 ./app/main.o
 *(.gnu.linkonce.sb.*)
 *(.bss .bss.*)
 *(.gnu.linkonce.b.*)
 *(COMMON)
                0x0000000020000338                . = ALIGN (0x4)
                0x0000000020000338                . = ALIGN (0x8)
                0x0000000020000338                PROVIDE (_end = .)
                [!provide]                        PROVIDE (end = .)

.stack          0x000000002003c000     0x4000 load address 0x0000000020000338
                [!provide]                        PROVIDE (_heap_end = .)
                0x0000000000004000                . = __stack_size
 *fill*         0x000000002003c000     0x4000 
                0x0000000020040000                PROVIDE (_sp = .)
OUTPUT(SparrowRV_APP.elf elf32-littleriscv)

.debug_info     0x0000000000000000     0x326b
 .debug_info    0x0000000000000000      0x13c ./lib/startup/init.o
 .debug_info    0x000000000000013c       0x23 ./lib/startup/startup.o
 .debug_info    0x000000000000015f      0x464 ./lib/perip/src/core.o
 .debug_info    0x00000000000005c3      0x28a ./lib/perip/src/fpioa.o
 .debug_info    0x000000000000084d      0x24c ./lib/perip/src/uart.o
 .debug_info    0x0000000000000a99     0x13ed ./lib/driver/src/printf.o
 .debug_info    0x0000000000001e86     0x1198 ./app/main.o
 .debug_info    0x000000000000301e      0x24d ./app/trap_handler.o

.debug_abbrev   0x0000000000000000      0xcbd
 .debug_abbrev  0x0000000000000000       0xc4 ./lib/startup/init.o
 .debug_abbrev  0x00000000000000c4       0x12 ./lib/startup/startup.o
 .debug_abbrev  0x00000000000000d6      0x1f4 ./lib/perip/src/core.o
 .debug_abbrev  0x00000000000002ca      0x12a ./lib/perip/src/fpioa.o
 .debug_abbrev  0x00000000000003f4      0x131 ./lib/perip/src/uart.o
 .debug_abbrev  0x0000000000000525      0x3f8 ./lib/driver/src/printf.o
 .debug_abbrev  0x000000000000091d      0x2fc ./app/main.o
 .debug_abbrev  0x0000000000000c19       0xa4 ./app/trap_handler.o

.debug_loclists
                0x0000000000000000     0x37b8
 .debug_loclists
                0x0000000000000000       0x18 ./lib/startup/init.o
 .debug_loclists
                0x0000000000000018      0x10a ./lib/perip/src/core.o
 .debug_loclists
                0x0000000000000122      0x138 ./lib/perip/src/fpioa.o
 .debug_loclists
                0x000000000000025a       0xb7 ./lib/perip/src/uart.o
 .debug_loclists
                0x0000000000000311     0x2196 ./lib/driver/src/printf.o
 .debug_loclists
                0x00000000000024a7     0x1311 ./app/main.o

.debug_aranges  0x0000000000000000      0x2c0
 .debug_aranges
                0x0000000000000000       0x20 ./lib/startup/init.o
 .debug_aranges
                0x0000000000000020       0x28 ./lib/startup/startup.o
 .debug_aranges
                0x0000000000000048       0x78 ./lib/perip/src/core.o
 .debug_aranges
                0x00000000000000c0       0x68 ./lib/perip/src/fpioa.o
 .debug_aranges
                0x0000000000000128       0x50 ./lib/perip/src/uart.o
 .debug_aranges
                0x0000000000000178       0x88 ./lib/driver/src/printf.o
 .debug_aranges
                0x0000000000000200       0x48 ./app/main.o
 .debug_aranges
                0x0000000000000248       0x78 ./app/trap_handler.o

.debug_rnglists
                0x0000000000000000      0xb05
 .debug_rnglists
                0x0000000000000000       0x16 ./lib/startup/init.o
 .debug_rnglists
                0x0000000000000016       0x1a ./lib/startup/startup.o
 .debug_rnglists
                0x0000000000000030       0x9f ./lib/perip/src/core.o
 .debug_rnglists
                0x00000000000000cf       0x67 ./lib/perip/src/fpioa.o
 .debug_rnglists
                0x0000000000000136       0x5f ./lib/perip/src/uart.o
 .debug_rnglists
                0x0000000000000195      0x496 ./lib/driver/src/printf.o
 .debug_rnglists
                0x000000000000062b      0x461 ./app/main.o
 .debug_rnglists
                0x0000000000000a8c       0x79 ./app/trap_handler.o

.debug_line     0x0000000000000000     0x4b10
 .debug_line    0x0000000000000000      0x15d ./lib/startup/init.o
 .debug_line    0x000000000000015d      0x181 ./lib/startup/startup.o
 .debug_line    0x00000000000002de      0x511 ./lib/perip/src/core.o
 .debug_line    0x00000000000007ef      0x41e ./lib/perip/src/fpioa.o
 .debug_line    0x0000000000000c0d      0x2e4 ./lib/perip/src/uart.o
 .debug_line    0x0000000000000ef1     0x21bc ./lib/driver/src/printf.o
 .debug_line    0x00000000000030ad     0x1728 ./app/main.o
 .debug_line    0x00000000000047d5      0x33b ./app/trap_handler.o

.debug_str      0x0000000000000000      0x8ab
 .debug_str     0x0000000000000000      0x193 ./lib/startup/init.o
                                        0x1d0 (size before relaxing)
 .debug_str     0x0000000000000193       0x4d ./lib/startup/startup.o
 .debug_str     0x00000000000001e0      0x125 ./lib/perip/src/core.o
                                        0x29e (size before relaxing)
 .debug_str     0x0000000000000305      0x13a ./lib/perip/src/fpioa.o
                                        0x2b6 (size before relaxing)
 .debug_str     0x000000000000043f       0xa5 ./lib/perip/src/uart.o
                                        0x218 (size before relaxing)
 .debug_str     0x00000000000004e4      0x1a7 ./lib/driver/src/printf.o
                                        0x387 (size before relaxing)
 .debug_str     0x000000000000068b      0x10e ./app/main.o
                                        0x2b4 (size before relaxing)
 .debug_str     0x0000000000000799      0x112 ./app/trap_handler.o
                                        0x274 (size before relaxing)

.debug_line_str
                0x0000000000000000      0x39d
 .debug_line_str
                0x0000000000000000      0x16c ./lib/startup/init.o
                                        0x1a2 (size before relaxing)
 .debug_line_str
                0x000000000000016c        0xa ./lib/startup/startup.o
                                         0x4b (size before relaxing)
 .debug_line_str
                0x0000000000000176       0xb0 ./lib/perip/src/core.o
                                        0x200 (size before relaxing)
 .debug_line_str
                0x0000000000000226       0x19 ./lib/perip/src/fpioa.o
                                        0x19f (size before relaxing)
 .debug_line_str
                0x000000000000023f       0x18 ./lib/perip/src/uart.o
                                        0x1c8 (size before relaxing)
 .debug_line_str
                0x0000000000000257       0xd9 ./lib/driver/src/printf.o
                                        0x281 (size before relaxing)
 .debug_line_str
                0x0000000000000330       0x50 ./app/main.o
                                        0x1fb (size before relaxing)
 .debug_line_str
                0x0000000000000380       0x1d ./app/trap_handler.o
                                        0x1d8 (size before relaxing)

.comment        0x0000000000000000       0x31
 .comment       0x0000000000000000       0x31 ./lib/startup/init.o
                                         0x32 (size before relaxing)
 .comment       0x0000000000000031       0x32 ./lib/perip/src/core.o
 .comment       0x0000000000000031       0x32 ./lib/perip/src/fpioa.o
 .comment       0x0000000000000031       0x32 ./lib/perip/src/uart.o
 .comment       0x0000000000000031       0x32 ./lib/driver/src/printf.o
 .comment       0x0000000000000031       0x32 ./app/main.o
 .comment       0x0000000000000031       0x32 ./app/trap_handler.o
 .comment       0x0000000000000031       0x32 d:/mrs/mounriver_studio2/resources/app/resources/win32/components/wch/toolchain/risc-v embedded gcc12/bin/../lib/gcc/riscv-wch-elf/12.2.0/rv32im/ilp32\libgcc.a(_udivdi3.o)
 .comment       0x0000000000000031       0x32 d:/mrs/mounriver_studio2/resources/app/resources/win32/components/wch/toolchain/risc-v embedded gcc12/bin/../lib/gcc/riscv-wch-elf/12.2.0/rv32im/ilp32\libgcc.a(_umoddi3.o)
 .comment       0x0000000000000031       0x32 d:/mrs/mounriver_studio2/resources/app/resources/win32/components/wch/toolchain/risc-v embedded gcc12/bin/../lib/gcc/riscv-wch-elf/12.2.0/rv32im/ilp32\libgcc.a(_clz.o)

.riscv.attributes
                0x0000000000000000       0x2a
 .riscv.attributes
                0x0000000000000000       0x2a ./lib/startup/init.o
 .riscv.attributes
                0x000000000000002a       0x28 ./lib/startup/startup.o
 .riscv.attributes
                0x0000000000000052       0x2a ./lib/perip/src/core.o
 .riscv.attributes
                0x000000000000007c       0x2a ./lib/perip/src/fpioa.o
 .riscv.attributes
                0x00000000000000a6       0x2a ./lib/perip/src/uart.o
 .riscv.attributes
                0x00000000000000d0       0x2a ./lib/driver/src/printf.o
 .riscv.attributes
                0x00000000000000fa       0x2a ./app/main.o
 .riscv.attributes
                0x0000000000000124       0x2a ./app/trap_handler.o
 .riscv.attributes
                0x000000000000014e       0x2a d:/mrs/mounriver_studio2/resources/app/resources/win32/components/wch/toolchain/risc-v embedded gcc12/bin/../lib/gcc/riscv-wch-elf/12.2.0/rv32im/ilp32\libgcc.a(_udivdi3.o)
 .riscv.attributes
                0x0000000000000178       0x2a d:/mrs/mounriver_studio2/resources/app/resources/win32/components/wch/toolchain/risc-v embedded gcc12/bin/../lib/gcc/riscv-wch-elf/12.2.0/rv32im/ilp32\libgcc.a(_umoddi3.o)
 .riscv.attributes
                0x00000000000001a2       0x2a d:/mrs/mounriver_studio2/resources/app/resources/win32/components/wch/toolchain/risc-v embedded gcc12/bin/../lib/gcc/riscv-wch-elf/12.2.0/rv32im/ilp32\libgcc.a(_clz.o)

.debug_frame    0x0000000000000000      0x900
 .debug_frame   0x0000000000000000       0x20 ./lib/startup/init.o
 .debug_frame   0x0000000000000020       0xe0 ./lib/perip/src/core.o
 .debug_frame   0x0000000000000100       0xb0 ./lib/perip/src/fpioa.o
 .debug_frame   0x00000000000001b0       0x80 ./lib/perip/src/uart.o
 .debug_frame   0x0000000000000230      0x1b8 ./lib/driver/src/printf.o
 .debug_frame   0x00000000000003e8      0x150 ./app/main.o
 .debug_frame   0x0000000000000538      0x3c8 ./app/trap_handler.o
